// Vitest Snapshot v1, https://vitest.dev/guide/snapshot.html

exports[`查找字符串中出现频率最高的3个单词，同样规则返回其相邻单词 > 最终组合 1`] = `
[
  {
    "topNextWord": {
      "value": 1,
      "word": "cloud",
    },
    "topPrevWord": {
      "value": 1,
      "word": "information",
    },
    "value": 6,
    "word": "and",
  },
  {
    "topNextWord": {
      "value": 1,
      "word": "leading",
    },
    "topPrevWord": {
      "value": 2,
      "word": "is",
    },
    "value": 3,
    "word": "a",
  },
  {
    "topNextWord": {
      "value": 3,
      "word": "is",
    },
    "topPrevWord": {
      "value": 1,
      "word": "1987",
    },
    "value": 3,
    "word": "huawei",
  },
]
`;
